error: Invalid variant for the token constraint.
  --> tests/constraints/invalid_token_variant.fail.rs:23:26
   |
23 |         token::authority = mint
   |                          ^
