error: Using `init` requires including the `Program<TokenProgram>` account
  --> tests/constraints/missing_token_pogram.fail.rs:14:1
   |
14 | #[context]
   | ^^^^^^^^^^
   |
   = note: this error originates in the attribute macro `context` (in Nightly builds, run with -Z macro-backtrace for more info)
