error: One constraint requires including the `Program<System>` account.
  --> tests/constraints/missing_system_program.fail.rs:19:1
   |
19 | pub struct InitContext {
   | ^^^
